2026-09-20 17:13:16.506: [INFO] CurrentProfilePath: D:\Archivos eclipse\HoraC-digo_Calculadora-main\.metadata\.plugins\org.eclipse.swt\EBWebView\Default
2026-09-20 17:13:16.506: [INFO] Profiles total count: 1
2026-09-20 17:13:16.506: [INFO] Profile: name=Perfil 1 path=D:\Archivos eclipse\HoraC-digo_Calculadora-main\.metadata\.plugins\org.eclipse.swt\EBWebView\Default lastActive=null
2026-09-20 17:13:16.506: [INFO] LastUsedProfileDir: D:\Archivos eclipse\HoraC-digo_Calculadora-main\.metadata\.plugins\org.eclipse.swt\EBWebView\Default
2026-09-20 17:13:16.506: [INFO] OnDoneLoading sync enabled: 0
2026-09-20 17:13:16.506: [INFO] BookmarkModelLoaded, ids_reassigned: 0
2026-09-20 17:13:16.506: [INFO] BookmarksLoadDropped droppedNodes=0
2026-09-20 17:13:16.506: [INFO] BookmarksSnapshot Startup total=0 bar=0 other=0 mobile=0 showBar=0 showBarNTP=1
2026-09-20 17:13:38.116: [INFO] BookmarksSnapshot Shutdown total=0 bar=0 other=0 mobile=0 showBar=0 showBarNTP=1
2026-09-20 17:13:39.206: [INFO] CurrentProfilePath: D:\Archivos eclipse\HoraC-digo_Calculadora-main\.metadata\.plugins\org.eclipse.swt\EBWebView\Default
2026-09-20 17:13:39.206: [INFO] Profiles total count: 1
2026-09-20 17:13:39.207: [INFO] Profile: name=Perfil 1 path=D:\Archivos eclipse\HoraC-digo_Calculadora-main\.metadata\.plugins\org.eclipse.swt\EBWebView\Default lastActive=2026-09-20T17:13:21.220Z
2026-09-20 17:13:39.207: [INFO] LastUsedProfileDir: D:\Archivos eclipse\HoraC-digo_Calculadora-main\.metadata\.plugins\org.eclipse.swt\EBWebView\Default
2026-09-20 17:13:39.207: [INFO] MostRecentlyActiveProfile: name=Perfil 1 path=D:\Archivos eclipse\HoraC-digo_Calculadora-main\.metadata\.plugins\org.eclipse.swt\EBWebView\Default lastActive=2026-09-20T17:13:21.220Z
2026-09-20 17:13:39.207: [INFO] OnDoneLoading sync enabled: 0
2026-09-20 17:13:39.207: [INFO] BookmarkModelLoaded, ids_reassigned: 0
2026-09-20 17:13:39.207: [INFO] BookmarksLoadDropped droppedNodes=0
2026-09-20 17:13:39.207: [INFO] BookmarksSnapshot Startup total=0 bar=0 other=0 mobile=0 showBar=0 showBarNTP=1
2026-09-20 17:14:46.968: [INFO] BookmarksSnapshot Shutdown total=0 bar=0 other=0 mobile=0 showBar=0 showBarNTP=1
2026-09-20 21:07:02.354: [INFO] CurrentProfilePath: D:\Archivos eclipse\HoraC-digo_Calculadora-main\.metadata\.plugins\org.eclipse.swt\EBWebView\Default
2026-09-20 21:07:02.354: [INFO] Profiles total count: 1
2026-09-20 21:07:02.354: [INFO] Profile: name=Perfil 1 path=D:\Archivos eclipse\HoraC-digo_Calculadora-main\.metadata\.plugins\org.eclipse.swt\EBWebView\Default lastActive=2026-09-20T17:13:21.220Z
2026-09-20 21:07:02.354: [INFO] LastUsedProfileDir: D:\Archivos eclipse\HoraC-digo_Calculadora-main\.metadata\.plugins\org.eclipse.swt\EBWebView\Default
2026-09-20 21:07:02.354: [INFO] MostRecentlyActiveProfile: name=Perfil 1 path=D:\Archivos eclipse\HoraC-digo_Calculadora-main\.metadata\.plugins\org.eclipse.swt\EBWebView\Default lastActive=2026-09-20T17:13:21.220Z
2026-09-20 21:07:02.354: [INFO] OnDoneLoading sync enabled: 0
2026-09-20 21:07:02.354: [INFO] BookmarkModelLoaded, ids_reassigned: 0
2026-09-20 21:07:02.354: [INFO] BookmarksLoadDropped droppedNodes=0
2026-09-20 21:07:02.354: [INFO] BookmarksSnapshot Startup total=0 bar=0 other=0 mobile=0 showBar=0 showBarNTP=1
2026-09-20 22:19:39.984: [INFO] BookmarksSnapshot Shutdown total=0 bar=0 other=0 mobile=0 showBar=0 showBarNTP=1
